---
source: src/tool/core/generate.rs
expression: code_generated
---
//! Solution for https://leetcode.com/problems/validate-binary-search-tree
//! 98. Validate Binary Search Tree

// Definition for a binary tree node.
// #[derive(Debug, PartialEq, Eq)]
// pub struct TreeNode {
//   pub val: i32,
//   pub left: Option<Rc<RefCell<TreeNode>>>,
//   pub right: Option<Rc<RefCell<TreeNode>>>,
// }
// 
// impl TreeNode {
//   #[inline]
//   pub fn new(val: i32) -> Self {
//     TreeNode {
//       val,
//       left: None,
//       right: None
//     }
//   }
// }
use std::rc::Rc;
use std::cell::RefCell;
impl Solution {
    pub fn is_valid_bst(root: Option<Rc<RefCell<TreeNode>>>) -> bool { todo!("Fill in body") }
}

// << ---------------- Code below here is only for local use ---------------- >>

pub struct Solution;
use cargo_leet::TreeNode;

#[cfg(test)]
mod tests {
    use super::*;
    use cargo_leet::TreeRoot;


    use rstest::rstest;

    #[rstest]
    #[case(TreeRoot::from("[2,1,3]").into(), true)]
    #[case(TreeRoot::from("[5,1,4,null,null,3,6]").into(), false)]
    fn case(#[case] root: Option<Rc<RefCell<TreeNode>>>, #[case] expected: bool) {
        let actual = Solution::is_valid_bst(root);
        assert_eq!(actual, expected);
    }
}
