---
source: src/tool/core/helpers/problem_metadata.rs
expression: get_problem_metadata(title_slug).unwrap()
---
ProblemMetadata {
    id: 3169,
    title: "Count Days Without Meetings",
    example_test_case_list: [
        "10\n[[5,7],[1,3],[9,10]]",
        "5\n[[2,4],[1,3]]",
        "6\n[[1,6]]",
    ],
}
