---
source: src/tool/core/helpers/problem_metadata.rs
assertion_line: 94
expression: get_problem_metadata(title_slug).unwrap()
---
ProblemMetadata {
    id: 2,
    title: "Add Two Numbers",
    example_test_case_list: [
        "[2,4,3]\n[5,6,4]",
        "[0]\n[0]",
        "[9,9,9,9,9,9,9]\n[9,9,9,9]",
    ],
}
