---
source: src/tool/core/helpers/code_snippet.rs
expression: get_code_snippets_response(title_slug).unwrap()
---
CodeSnippetResponse {
    data: Data {
        question: Question {
            code_snippets: [
                CodeSnippet {
                    lang: "C++",
                    code: "class Solution {\npublic:\n    bool isValid(string s) {\n        \n    }\n};",
                },
                CodeSnippet {
                    lang: "Java",
                    code: "class Solution {\n    public boolean isValid(String s) {\n        \n    }\n}",
                },
                CodeSnippet {
                    lang: "Python",
                    code: "class Solution(object):\n    def isValid(self, s):\n        \"\"\"\n        :type s: str\n        :rtype: bool\n        \"\"\"\n        ",
                },
                CodeSnippet {
                    lang: "Python3",
                    code: "class Solution:\n    def isValid(self, s: str) -> bool:\n        ",
                },
                CodeSnippet {
                    lang: "C",
                    code: "bool isValid(char* s) {\n    \n}",
                },
                CodeSnippet {
                    lang: "C#",
                    code: "public class Solution {\n    public bool IsValid(string s) {\n        \n    }\n}",
                },
                CodeSnippet {
                    lang: "JavaScript",
                    code: "/**\n * @param {string} s\n * @return {boolean}\n */\nvar isValid = function(s) {\n    \n};",
                },
                CodeSnippet {
                    lang: "TypeScript",
                    code: "function isValid(s: string): boolean {\n    \n};",
                },
                CodeSnippet {
                    lang: "PHP",
                    code: "class Solution {\n\n    /**\n     * @param String $s\n     * @return Boolean\n     */\n    function isValid($s) {\n        \n    }\n}",
                },
                CodeSnippet {
                    lang: "Swift",
                    code: "class Solution {\n    func isValid(_ s: String) -> Bool {\n        \n    }\n}",
                },
                CodeSnippet {
                    lang: "Kotlin",
                    code: "class Solution {\n    fun isValid(s: String): Boolean {\n        \n    }\n}",
                },
                CodeSnippet {
                    lang: "Dart",
                    code: "class Solution {\n  bool isValid(String s) {\n    \n  }\n}",
                },
                CodeSnippet {
                    lang: "Go",
                    code: "func isValid(s string) bool {\n    \n}",
                },
                CodeSnippet {
                    lang: "Ruby",
                    code: "# @param {String} s\n# @return {Boolean}\ndef is_valid(s)\n    \nend",
                },
                CodeSnippet {
                    lang: "Scala",
                    code: "object Solution {\n    def isValid(s: String): Boolean = {\n        \n    }\n}",
                },
                CodeSnippet {
                    lang: "Rust",
                    code: "impl Solution {\n    pub fn is_valid(s: String) -> bool {\n        \n    }\n}",
                },
                CodeSnippet {
                    lang: "Racket",
                    code: "(define/contract (is-valid s)\n  (-> string? boolean?)\n  )",
                },
                CodeSnippet {
                    lang: "Erlang",
                    code: "-spec is_valid(S :: unicode:unicode_binary()) -> boolean().\nis_valid(S) ->\n  .",
                },
                CodeSnippet {
                    lang: "Elixir",
                    code: "defmodule Solution do\n  @spec is_valid(s :: String.t) :: boolean\n  def is_valid(s) do\n    \n  end\nend",
                },
            ],
        },
    },
}
